// Jest Snapshot v1, https://goo.gl/fbAQLP

exports[`should render component correctly 1`] = `
<form
  onSubmit={[Function]}
>
  <div
    className="form-group"
  >
    <label
      htmlFor="name"
    >
      Name of the product:
    </label>
    <input
      className="form-control"
      id="name"
      onChange={[Function]}
      type="text"
    />
  </div>
  <div
    className="form-group"
  >
    <label
      htmlFor="cat"
    >
      Category:
    </label>
    <input
      className="form-control"
      id="cat"
      onChange={[Function]}
      type="text"
    />
  </div>
  <div
    className="form-group"
  >
    <label
      htmlFor="brand"
    >
      Example select
    </label>
    <select
      className="form-control"
      id="brand"
      onChange={[Function]}
    >
      <option
        value="default"
      >
        Select brand
      </option>
      <option
        disabled={true}
      >
        Loading
      </option>
    </select>
  </div>
  <div
    className="form-group"
  >
    <button
      className="btn btn-primary submit"
      type="submit"
    >
      Add product
    </button>
  </div>
</form>
`;
