// Jest Snapshot v1, https://goo.gl/fbAQLP

exports[`should render component correctly 1`] = `
<ul
  className="product-list"
>
  <div
    className="card"
  >
    <div
      className="card-header"
    >
      test-name
    </div>
    <div
      className="card-body"
    >
      <p
        className="card-text"
      >
        <b>
          Category:
        </b>
         
        test-category
      </p>
      <p
        className="card-text"
      >
        <b>
          Brand:
        </b>
         
        test-brand-name
      </p>
    </div>
  </div>
</ul>
`;
